Archive member included to satisfy reference by file (symbol)

c:/st/stm32cubeide_1.6.0/stm32cubeide/plugins/com.st.stm32cube.ide.mcu.externaltools.gnu-tools-for-stm32.9-2020-q2-update.win32_1.5.0.202011040924/tools/bin/../lib/gcc/arm-none-eabi/9.3.1/../../../../arm-none-eabi/lib/thumb/v7e-m+fp/hard\libc_nano.a(lib_a-errno.o)
                              Core/Src/syscalls.o (__errno)
c:/st/stm32cubeide_1.6.0/stm32cubeide/plugins/com.st.stm32cube.ide.mcu.externaltools.gnu-tools-for-stm32.9-2020-q2-update.win32_1.5.0.202011040924/tools/bin/../lib/gcc/arm-none-eabi/9.3.1/../../../../arm-none-eabi/lib/thumb/v7e-m+fp/hard\libc_nano.a(lib_a-exit.o)
                              c:/st/stm32cubeide_1.6.0/stm32cubeide/plugins/com.st.stm32cube.ide.mcu.externaltools.gnu-tools-for-stm32.9-2020-q2-update.win32_1.5.0.202011040924/tools/bin/../lib/gcc/arm-none-eabi/9.3.1/../../../../arm-none-eabi/lib/thumb/v7e-m+fp/hard/crt0.o (exit)
c:/st/stm32cubeide_1.6.0/stm32cubeide/plugins/com.st.stm32cube.ide.mcu.externaltools.gnu-tools-for-stm32.9-2020-q2-update.win32_1.5.0.202011040924/tools/bin/../lib/gcc/arm-none-eabi/9.3.1/../../../../arm-none-eabi/lib/thumb/v7e-m+fp/hard\libc_nano.a(lib_a-impure.o)
                              c:/st/stm32cubeide_1.6.0/stm32cubeide/plugins/com.st.stm32cube.ide.mcu.externaltools.gnu-tools-for-stm32.9-2020-q2-update.win32_1.5.0.202011040924/tools/bin/../lib/gcc/arm-none-eabi/9.3.1/../../../../arm-none-eabi/lib/thumb/v7e-m+fp/hard\libc_nano.a(lib_a-exit.o) (_global_impure_ptr)
c:/st/stm32cubeide_1.6.0/stm32cubeide/plugins/com.st.stm32cube.ide.mcu.externaltools.gnu-tools-for-stm32.9-2020-q2-update.win32_1.5.0.202011040924/tools/bin/../lib/gcc/arm-none-eabi/9.3.1/../../../../arm-none-eabi/lib/thumb/v7e-m+fp/hard\libc_nano.a(lib_a-init.o)
                              c:/st/stm32cubeide_1.6.0/stm32cubeide/plugins/com.st.stm32cube.ide.mcu.externaltools.gnu-tools-for-stm32.9-2020-q2-update.win32_1.5.0.202011040924/tools/bin/../lib/gcc/arm-none-eabi/9.3.1/../../../../arm-none-eabi/lib/thumb/v7e-m+fp/hard/crt0.o (__libc_init_array)
c:/st/stm32cubeide_1.6.0/stm32cubeide/plugins/com.st.stm32cube.ide.mcu.externaltools.gnu-tools-for-stm32.9-2020-q2-update.win32_1.5.0.202011040924/tools/bin/../lib/gcc/arm-none-eabi/9.3.1/../../../../arm-none-eabi/lib/thumb/v7e-m+fp/hard\libc_nano.a(lib_a-memset.o)
                              c:/st/stm32cubeide_1.6.0/stm32cubeide/plugins/com.st.stm32cube.ide.mcu.externaltools.gnu-tools-for-stm32.9-2020-q2-update.win32_1.5.0.202011040924/tools/bin/../lib/gcc/arm-none-eabi/9.3.1/../../../../arm-none-eabi/lib/thumb/v7e-m+fp/hard/crt0.o (memset)
c:/st/stm32cubeide_1.6.0/stm32cubeide/plugins/com.st.stm32cube.ide.mcu.externaltools.gnu-tools-for-stm32.9-2020-q2-update.win32_1.5.0.202011040924/tools/bin/../lib/gcc/arm-none-eabi/9.3.1/thumb/v7e-m+fp/hard\libgcc.a(_aeabi_uldivmod.o)
                              Drivers/STM32F7xx_HAL_Driver/Src/stm32f7xx_hal_rcc.o (__aeabi_uldivmod)
c:/st/stm32cubeide_1.6.0/stm32cubeide/plugins/com.st.stm32cube.ide.mcu.externaltools.gnu-tools-for-stm32.9-2020-q2-update.win32_1.5.0.202011040924/tools/bin/../lib/gcc/arm-none-eabi/9.3.1/thumb/v7e-m+fp/hard\libgcc.a(_udivmoddi4.o)
                              c:/st/stm32cubeide_1.6.0/stm32cubeide/plugins/com.st.stm32cube.ide.mcu.externaltools.gnu-tools-for-stm32.9-2020-q2-update.win32_1.5.0.202011040924/tools/bin/../lib/gcc/arm-none-eabi/9.3.1/thumb/v7e-m+fp/hard\libgcc.a(_aeabi_uldivmod.o) (__udivmoddi4)
c:/st/stm32cubeide_1.6.0/stm32cubeide/plugins/com.st.stm32cube.ide.mcu.externaltools.gnu-tools-for-stm32.9-2020-q2-update.win32_1.5.0.202011040924/tools/bin/../lib/gcc/arm-none-eabi/9.3.1/thumb/v7e-m+fp/hard\libgcc.a(_dvmd_tls.o)
                              c:/st/stm32cubeide_1.6.0/stm32cubeide/plugins/com.st.stm32cube.ide.mcu.externaltools.gnu-tools-for-stm32.9-2020-q2-update.win32_1.5.0.202011040924/tools/bin/../lib/gcc/arm-none-eabi/9.3.1/thumb/v7e-m+fp/hard\libgcc.a(_aeabi_uldivmod.o) (__aeabi_ldiv0)

Allocating common symbols
Common symbol       size              file

hcrc                0x24              Core/Src/main.o
uwTick              0x4               Drivers/STM32F7xx_HAL_Driver/Src/stm32f7xx_hal.o
pFlash              0x1c              Drivers/STM32F7xx_HAL_Driver/Src/stm32f7xx_hal_flash.o
hdma2d              0x40              Core/Src/main.o

Discarded input sections

 .text          0x0000000000000000        0x0 c:/st/stm32cubeide_1.6.0/stm32cubeide/plugins/com.st.stm32cube.ide.mcu.externaltools.gnu-tools-for-stm32.9-2020-q2-update.win32_1.5.0.202011040924/tools/bin/../lib/gcc/arm-none-eabi/9.3.1/thumb/v7e-m+fp/hard/crti.o
 .data          0x0000000000000000        0x0 c:/st/stm32cubeide_1.6.0/stm32cubeide/plugins/com.st.stm32cube.ide.mcu.externaltools.gnu-tools-for-stm32.9-2020-q2-update.win32_1.5.0.202011040924/tools/bin/../lib/gcc/arm-none-eabi/9.3.1/thumb/v7e-m+fp/hard/crti.o
[...]
Memory Configuration

Name             Origin             Length             Attributes
RAM              0x0000000020000000 0x0000000000050000 xrw
FLASH            0x0000000008000000 0x0000000000100000 xr
*default*        0x0000000000000000 0xffffffffffffffff

Linker script and memory map

LOAD c:/st/stm32cubeide_1.6.0/stm32cubeide/plugins/com.st.stm32cube.ide.mcu.externaltools.gnu-tools-for-stm32.9-2020-q2-update.win32_1.5.0.202011040924/tools/bin/../lib/gcc/arm-none-eabi/9.3.1/thumb/v7e-m+fp/hard/crti.o
LOAD c:/st/stm32cubeide_1.6.0/stm32cubeide/plugins/com.st.stm32cube.ide.mcu.externaltools.gnu-tools-for-stm32.9-2020-q2-update.win32_1.5.0.202011040924/tools/bin/../lib/gcc/arm-none-eabi/9.3.1/thumb/v7e-m+fp/hard/crtbegin.o
LOAD c:/st/stm32cubeide_1.6.0/stm32cubeide/plugins/com.st.stm32cube.ide.mcu.externaltools.gnu-tools-for-stm32.9-2020-q2-update.win32_1.5.0.202011040924/tools/bin/../lib/gcc/arm-none-eabi/9.3.1/../../../../arm-none-eabi/lib/thumb/v7e-m+fp/hard/crt0.o
LOAD Core/Src/main.o
LOAD Core/Src/stm32f7xx_hal_msp.o
LOAD Core/Src/stm32f7xx_it.o
LOAD Core/Src/syscalls.o
LOAD Core/Src/sysmem.o
LOAD Core/Src/system_stm32f7xx.o
LOAD Core/Startup/startup_stm32f746bgtx.o
LOAD Drivers/STM32F7xx_HAL_Driver/Src/stm32f7xx_hal.o
LOAD Drivers/STM32F7xx_HAL_Driver/Src/stm32f7xx_hal_cortex.o
LOAD Drivers/STM32F7xx_HAL_Driver/Src/stm32f7xx_hal_crc.o
LOAD Drivers/STM32F7xx_HAL_Driver/Src/stm32f7xx_hal_crc_ex.o
LOAD Drivers/STM32F7xx_HAL_Driver/Src/stm32f7xx_hal_dma.o
LOAD Drivers/STM32F7xx_HAL_Driver/Src/stm32f7xx_hal_dma2d.o
LOAD Drivers/STM32F7xx_HAL_Driver/Src/stm32f7xx_hal_dma_ex.o
LOAD Drivers/STM32F7xx_HAL_Driver/Src/stm32f7xx_hal_exti.o
LOAD Drivers/STM32F7xx_HAL_Driver/Src/stm32f7xx_hal_flash.o
LOAD Drivers/STM32F7xx_HAL_Driver/Src/stm32f7xx_hal_flash_ex.o
LOAD Drivers/STM32F7xx_HAL_Driver/Src/stm32f7xx_hal_gpio.o
LOAD Drivers/STM32F7xx_HAL_Driver/Src/stm32f7xx_hal_i2c.o
LOAD Drivers/STM32F7xx_HAL_Driver/Src/stm32f7xx_hal_i2c_ex.o
LOAD Drivers/STM32F7xx_HAL_Driver/Src/stm32f7xx_hal_pwr.o
LOAD Drivers/STM32F7xx_HAL_Driver/Src/stm32f7xx_hal_pwr_ex.o
LOAD Drivers/STM32F7xx_HAL_Driver/Src/stm32f7xx_hal_rcc.o
LOAD Drivers/STM32F7xx_HAL_Driver/Src/stm32f7xx_hal_rcc_ex.o
LOAD Drivers/STM32F7xx_HAL_Driver/Src/stm32f7xx_hal_tim.o
LOAD Drivers/STM32F7xx_HAL_Driver/Src/stm32f7xx_hal_tim_ex.o
START GROUP
LOAD c:/st/stm32cubeide_1.6.0/stm32cubeide/plugins/com.st.stm32cube.ide.mcu.externaltools.gnu-tools-for-stm32.9-2020-q2-update.win32_1.5.0.202011040924/tools/bin/../lib/gcc/arm-none-eabi/9.3.1/../../../../arm-none-eabi/lib/thumb/v7e-m+fp/hard\libc_nano.a
LOAD c:/st/stm32cubeide_1.6.0/stm32cubeide/plugins/com.st.stm32cube.ide.mcu.externaltools.gnu-tools-for-stm32.9-2020-q2-update.win32_1.5.0.202011040924/tools/bin/../lib/gcc/arm-none-eabi/9.3.1/../../../../arm-none-eabi/lib/thumb/v7e-m+fp/hard\libm.a
END GROUP
START GROUP
LOAD c:/st/stm32cubeide_1.6.0/stm32cubeide/plugins/com.st.stm32cube.ide.mcu.externaltools.gnu-tools-for-stm32.9-2020-q2-update.win32_1.5.0.202011040924/tools/bin/../lib/gcc/arm-none-eabi/9.3.1/thumb/v7e-m+fp/hard\libgcc.a
LOAD c:/st/stm32cubeide_1.6.0/stm32cubeide/plugins/com.st.stm32cube.ide.mcu.externaltools.gnu-tools-for-stm32.9-2020-q2-update.win32_1.5.0.202011040924/tools/bin/../lib/gcc/arm-none-eabi/9.3.1/../../../../arm-none-eabi/lib/thumb/v7e-m+fp/hard\libc_nano.a
END GROUP
START GROUP
LOAD c:/st/stm32cubeide_1.6.0/stm32cubeide/plugins/com.st.stm32cube.ide.mcu.externaltools.gnu-tools-for-stm32.9-2020-q2-update.win32_1.5.0.202011040924/tools/bin/../lib/gcc/arm-none-eabi/9.3.1/thumb/v7e-m+fp/hard\libgcc.a
LOAD c:/st/stm32cubeide_1.6.0/stm32cubeide/plugins/com.st.stm32cube.ide.mcu.externaltools.gnu-tools-for-stm32.9-2020-q2-update.win32_1.5.0.202011040924/tools/bin/../lib/gcc/arm-none-eabi/9.3.1/../../../../arm-none-eabi/lib/thumb/v7e-m+fp/hard\libc_nano.a
LOAD c:/st/stm32cubeide_1.6.0/stm32cubeide/plugins/com.st.stm32cube.ide.mcu.externaltools.gnu-tools-for-stm32.9-2020-q2-update.win32_1.5.0.202011040924/tools/bin/../lib/gcc/arm-none-eabi/9.3.1/../../../../arm-none-eabi/lib/thumb/v7e-m+fp/hard\libnosys.a
END GROUP
START GROUP
LOAD c:/st/stm32cubeide_1.6.0/stm32cubeide/plugins/com.st.stm32cube.ide.mcu.externaltools.gnu-tools-for-stm32.9-2020-q2-update.win32_1.5.0.202011040924/tools/bin/../lib/gcc/arm-none-eabi/9.3.1/thumb/v7e-m+fp/hard\libgcc.a
LOAD c:/st/stm32cubeide_1.6.0/stm32cubeide/plugins/com.st.stm32cube.ide.mcu.externaltools.gnu-tools-for-stm32.9-2020-q2-update.win32_1.5.0.202011040924/tools/bin/../lib/gcc/arm-none-eabi/9.3.1/../../../../arm-none-eabi/lib/thumb/v7e-m+fp/hard\libc_nano.a
LOAD c:/st/stm32cubeide_1.6.0/stm32cubeide/plugins/com.st.stm32cube.ide.mcu.externaltools.gnu-tools-for-stm32.9-2020-q2-update.win32_1.5.0.202011040924/tools/bin/../lib/gcc/arm-none-eabi/9.3.1/../../../../arm-none-eabi/lib/thumb/v7e-m+fp/hard\libnosys.a
END GROUP
LOAD c:/st/stm32cubeide_1.6.0/stm32cubeide/plugins/com.st.stm32cube.ide.mcu.externaltools.gnu-tools-for-stm32.9-2020-q2-update.win32_1.5.0.202011040924/tools/bin/../lib/gcc/arm-none-eabi/9.3.1/thumb/v7e-m+fp/hard/crtend.o
LOAD c:/st/stm32cubeide_1.6.0/stm32cubeide/plugins/com.st.stm32cube.ide.mcu.externaltools.gnu-tools-for-stm32.9-2020-q2-update.win32_1.5.0.202011040924/tools/bin/../lib/gcc/arm-none-eabi/9.3.1/thumb/v7e-m+fp/hard/crtn.o
                0x0000000020050000                _estack = (ORIGIN (RAM) + LENGTH (RAM))
                0x0000000000000200                _Min_Heap_Size = 0x200
                0x0000000000000400                _Min_Stack_Size = 0x400

.isr_vector     0x0000000008000000      0x1c8
                0x0000000008000000                . = ALIGN (0x4)
 *(.isr_vector)
 .isr_vector    0x0000000008000000      0x1c8 Core/Startup/startup_stm32f746bgtx.o
                0x0000000008000000                g_pfnVectors
                0x00000000080001c8                . = ALIGN (0x4)

.text           0x00000000080001c8     0x1b10
                0x00000000080001c8                . = ALIGN (0x4)
 *(.text)
 .text          0x00000000080001c8       0x40 c:/st/stm32cubeide_1.6.0/stm32cubeide/plugins/com.st.stm32cube.ide.mcu.externaltools.gnu-tools-for-stm32.9-2020-q2-update.win32_1.5.0.202011040924/tools/bin/../lib/gcc/arm-none-eabi/9.3.1/thumb/v7e-m+fp/hard/crtbegin.o
 .text          0x0000000008000208       0x30 c:/st/stm32cubeide_1.6.0/stm32cubeide/plugins/com.st.stm32cube.ide.mcu.externaltools.gnu-tools-for-stm32.9-2020-q2-update.win32_1.5.0.202011040924/tools/bin/../lib/gcc/arm-none-eabi/9.3.1/thumb/v7e-m+fp/hard\libgcc.a(_aeabi_uldivmod.o)
                0x0000000008000208                __aeabi_uldivmod
 .text          0x0000000008000238      0x2c4 c:/st/stm32cubeide_1.6.0/stm32cubeide/plugins/com.st.stm32cube.ide.mcu.externaltools.gnu-tools-for-stm32.9-2020-q2-update.win32_1.5.0.202011040924/tools/bin/../lib/gcc/arm-none-eabi/9.3.1/thumb/v7e-m+fp/hard\libgcc.a(_udivmoddi4.o)
                0x0000000008000238                __udivmoddi4
 .text          0x00000000080004fc        0x4 c:/st/stm32cubeide_1.6.0/stm32cubeide/plugins/com.st.stm32cube.ide.mcu.externaltools.gnu-tools-for-stm32.9-2020-q2-update.win32_1.5.0.202011040924/tools/bin/../lib/gcc/arm-none-eabi/9.3.1/thumb/v7e-m+fp/hard\libgcc.a(_dvmd_tls.o)
                0x00000000080004fc                __aeabi_idiv0
                0x00000000080004fc                __aeabi_ldiv0
 *(.text*)
 .text.main     0x0000000008000500       0x30 Core/Src/main.o
                0x0000000008000500                main
 .text.SystemClock_Config
                0x0000000008000530       0xd8 Core/Src/main.o
                0x0000000008000530                SystemClock_Config
 .text.MX_CRC_Init
                0x0000000008000608       0x44 Core/Src/main.o
 .text.MX_DMA2D_Init
                0x000000000800064c       0x64 Core/Src/main.o
 .text.MX_GPIO_Init
                0x00000000080006b0       0x7c Core/Src/main.o
 .text.Error_Handler
                0x000000000800072c        0xa Core/Src/main.o
                0x000000000800072c                Error_Handler
 *fill*         0x0000000008000736        0x2 
 .text.HAL_MspInit
                0x0000000008000738       0x48 Core/Src/stm32f7xx_hal_msp.o
                0x0000000008000738                HAL_MspInit
 .text.HAL_CRC_MspInit
                0x0000000008000780       0x40 Core/Src/stm32f7xx_hal_msp.o
                0x0000000008000780                HAL_CRC_MspInit
 .text.HAL_DMA2D_MspInit
                0x00000000080007c0       0x40 Core/Src/stm32f7xx_hal_msp.o
                0x00000000080007c0                HAL_DMA2D_MspInit
 .text.NMI_Handler
                0x0000000008000800        0x6 Core/Src/stm32f7xx_it.o
                0x0000000008000800                NMI_Handler
 .text.HardFault_Handler
                0x0000000008000806        0x6 Core/Src/stm32f7xx_it.o
                0x0000000008000806                HardFault_Handler
 .text.MemManage_Handler
                0x000000000800080c        0x6 Core/Src/stm32f7xx_it.o
                0x000000000800080c                MemManage_Handler
 .text.BusFault_Handler
                0x0000000008000812        0x6 Core/Src/stm32f7xx_it.o
                0x0000000008000812                BusFault_Handler
 .text.UsageFault_Handler
                0x0000000008000818        0x6 Core/Src/stm32f7xx_it.o
                0x0000000008000818                UsageFault_Handler
 .text.SVC_Handler
                0x000000000800081e        0xe Core/Src/stm32f7xx_it.o
                0x000000000800081e                SVC_Handler
 .text.DebugMon_Handler
                0x000000000800082c        0xe Core/Src/stm32f7xx_it.o
                0x000000000800082c                DebugMon_Handler
 .text.PendSV_Handler
                0x000000000800083a        0xe Core/Src/stm32f7xx_it.o
                0x000000000800083a                PendSV_Handler
 .text.SysTick_Handler
                0x0000000008000848        0xc Core/Src/stm32f7xx_it.o
                0x0000000008000848                SysTick_Handler
 .text.SystemInit
                0x0000000008000854       0x24 Core/Src/system_stm32f7xx.o
                0x0000000008000854                SystemInit
 .text.Reset_Handler
                0x0000000008000878       0x50 Core/Startup/startup_stm32f746bgtx.o
                0x0000000008000878                Reset_Handler
 .text.Default_Handler
                0x00000000080008c8        0x2 Core/Startup/startup_stm32f746bgtx.o
                0x00000000080008c8                RTC_Alarm_IRQHandler
                0x00000000080008c8                EXTI2_IRQHandler
                0x00000000080008c8                TIM8_CC_IRQHandler
                0x00000000080008c8                UART8_IRQHandler
                0x00000000080008c8                SPI4_IRQHandler
                0x00000000080008c8                TIM1_CC_IRQHandler
                0x00000000080008c8                DMA2_Stream5_IRQHandler
                0x00000000080008c8                DMA1_Stream5_IRQHandler
                0x00000000080008c8                PVD_IRQHandler
                0x00000000080008c8                TAMP_STAMP_IRQHandler
                0x00000000080008c8                CAN2_RX1_IRQHandler
                0x00000000080008c8                EXTI3_IRQHandler
                0x00000000080008c8                TIM8_TRG_COM_TIM14_IRQHandler
                0x00000000080008c8                TIM1_UP_TIM10_IRQHandler
                0x00000000080008c8                TIM8_UP_TIM13_IRQHandler
                0x00000000080008c8                I2C3_ER_IRQHandler
                0x00000000080008c8                EXTI0_IRQHandler
                0x00000000080008c8                I2C2_EV_IRQHandler
                0x00000000080008c8                DMA1_Stream2_IRQHandler
                0x00000000080008c8                CAN1_RX0_IRQHandler
                0x00000000080008c8                FPU_IRQHandler
                0x00000000080008c8                OTG_HS_WKUP_IRQHandler
                0x00000000080008c8                LTDC_ER_IRQHandler
                0x00000000080008c8                CAN2_SCE_IRQHandler
                0x00000000080008c8                DMA2_Stream2_IRQHandler
                0x00000000080008c8                SPI1_IRQHandler
                0x00000000080008c8                TIM6_DAC_IRQHandler
                0x00000000080008c8                TIM1_BRK_TIM9_IRQHandler
                0x00000000080008c8                DCMI_IRQHandler
                0x00000000080008c8                CAN2_RX0_IRQHandler
                0x00000000080008c8                DMA2_Stream3_IRQHandler
                0x00000000080008c8                SAI2_IRQHandler
                0x00000000080008c8                USART6_IRQHandler
                0x00000000080008c8                USART3_IRQHandler
                0x00000000080008c8                CAN1_RX1_IRQHandler
                0x00000000080008c8                UART5_IRQHandler
                0x00000000080008c8                DMA2_Stream0_IRQHandler
                0x00000000080008c8                TIM4_IRQHandler
                0x00000000080008c8                QUADSPI_IRQHandler
                0x00000000080008c8                I2C1_EV_IRQHandler
                0x00000000080008c8                DMA1_Stream6_IRQHandler
                0x00000000080008c8                DMA1_Stream1_IRQHandler
                0x00000000080008c8                UART4_IRQHandler
                0x00000000080008c8                TIM3_IRQHandler
                0x00000000080008c8                RCC_IRQHandler
                0x00000000080008c8                TIM8_BRK_TIM12_IRQHandler
                0x00000000080008c8                Default_Handler
                0x00000000080008c8                CEC_IRQHandler
                0x00000000080008c8                EXTI15_10_IRQHandler
                0x00000000080008c8                ADC_IRQHandler
                0x00000000080008c8                DMA1_Stream7_IRQHandler
                0x00000000080008c8                SPI5_IRQHandler
                0x00000000080008c8                TIM7_IRQHandler
                0x00000000080008c8                SDMMC1_IRQHandler
                0x00000000080008c8                CAN2_TX_IRQHandler
                0x00000000080008c8                TIM5_IRQHandler
                0x00000000080008c8                DMA2_Stream7_IRQHandler
                0x00000000080008c8                I2C3_EV_IRQHandler
                0x00000000080008c8                EXTI9_5_IRQHandler
                0x00000000080008c8                RTC_WKUP_IRQHandler
                0x00000000080008c8                LTDC_IRQHandler
                0x00000000080008c8                ETH_WKUP_IRQHandler
                0x00000000080008c8                SPDIF_RX_IRQHandler
                0x00000000080008c8                SPI2_IRQHandler
                0x00000000080008c8                OTG_HS_EP1_IN_IRQHandler
                0x00000000080008c8                DMA1_Stream0_IRQHandler
                0x00000000080008c8                CAN1_TX_IRQHandler
                0x00000000080008c8                EXTI4_IRQHandler
                0x00000000080008c8                RNG_IRQHandler
                0x00000000080008c8                ETH_IRQHandler
                0x00000000080008c8                OTG_HS_EP1_OUT_IRQHandler
                0x00000000080008c8                WWDG_IRQHandler
                0x00000000080008c8                SPI6_IRQHandler
                0x00000000080008c8                I2C4_EV_IRQHandler
                0x00000000080008c8                TIM2_IRQHandler
                0x00000000080008c8                OTG_FS_WKUP_IRQHandler
                0x00000000080008c8                TIM1_TRG_COM_TIM11_IRQHandler
                0x00000000080008c8                OTG_HS_IRQHandler
                0x00000000080008c8                DMA2D_IRQHandler
                0x00000000080008c8                EXTI1_IRQHandler
                0x00000000080008c8                UART7_IRQHandler
                0x00000000080008c8                USART2_IRQHandler
                0x00000000080008c8                I2C2_ER_IRQHandler
                0x00000000080008c8                DMA2_Stream1_IRQHandler
                0x00000000080008c8                CAN1_SCE_IRQHandler
                0x00000000080008c8                FLASH_IRQHandler
                0x00000000080008c8                DMA2_Stream4_IRQHandler
                0x00000000080008c8                USART1_IRQHandler
                0x00000000080008c8                OTG_FS_IRQHandler
                0x00000000080008c8                SPI3_IRQHandler
                0x00000000080008c8                DMA1_Stream4_IRQHandler
                0x00000000080008c8                I2C1_ER_IRQHandler
                0x00000000080008c8                FMC_IRQHandler
                0x00000000080008c8                LPTIM1_IRQHandler
                0x00000000080008c8                I2C4_ER_IRQHandler
                0x00000000080008c8                DMA2_Stream6_IRQHandler
                0x00000000080008c8                SAI1_IRQHandler
                0x00000000080008c8                DMA1_Stream3_IRQHandler
 .text.HAL_Init
                0x00000000080008ca       0x1a Drivers/STM32F7xx_HAL_Driver/Src/stm32f7xx_hal.o
                0x00000000080008ca                HAL_Init
 .text.HAL_InitTick
                0x00000000080008e4       0x60 Drivers/STM32F7xx_HAL_Driver/Src/stm32f7xx_hal.o
                0x00000000080008e4                HAL_InitTick
 .text.HAL_IncTick
                0x0000000008000944       0x28 Drivers/STM32F7xx_HAL_Driver/Src/stm32f7xx_hal.o
                0x0000000008000944                HAL_IncTick
 .text.HAL_GetTick
                0x000000000800096c       0x18 Drivers/STM32F7xx_HAL_Driver/Src/stm32f7xx_hal.o
                0x000000000800096c                HAL_GetTick
 .text.HAL_Delay
                0x0000000008000984       0x48 Drivers/STM32F7xx_HAL_Driver/Src/stm32f7xx_hal.o
                0x0000000008000984                HAL_Delay
 .text.__NVIC_SetPriorityGrouping
                0x00000000080009cc       0x48 Drivers/STM32F7xx_HAL_Driver/Src/stm32f7xx_hal_cortex.o
 .text.__NVIC_GetPriorityGrouping
                0x0000000008000a14       0x1c Drivers/STM32F7xx_HAL_Driver/Src/stm32f7xx_hal_cortex.o
 .text.__NVIC_SetPriority
                0x0000000008000a30       0x54 Drivers/STM32F7xx_HAL_Driver/Src/stm32f7xx_hal_cortex.o
 .text.NVIC_EncodePriority
                0x0000000008000a84       0x66 Drivers/STM32F7xx_HAL_Driver/Src/stm32f7xx_hal_cortex.o
 *fill*         0x0000000008000aea        0x2 
 .text.SysTick_Config
                0x0000000008000aec       0x44 Drivers/STM32F7xx_HAL_Driver/Src/stm32f7xx_hal_cortex.o
 .text.HAL_NVIC_SetPriorityGrouping
                0x0000000008000b30       0x16 Drivers/STM32F7xx_HAL_Driver/Src/stm32f7xx_hal_cortex.o
                0x0000000008000b30                HAL_NVIC_SetPriorityGrouping
 .text.HAL_NVIC_SetPriority
                0x0000000008000b46       0x38 Drivers/STM32F7xx_HAL_Driver/Src/stm32f7xx_hal_cortex.o
                0x0000000008000b46                HAL_NVIC_SetPriority
 .text.HAL_SYSTICK_Config
                0x0000000008000b7e       0x18 Drivers/STM32F7xx_HAL_Driver/Src/stm32f7xx_hal_cortex.o
                0x0000000008000b7e                HAL_SYSTICK_Config
 *fill*         0x0000000008000b96        0x2 
 .text.HAL_CRC_Init
                0x0000000008000b98       0xc8 Drivers/STM32F7xx_HAL_Driver/Src/stm32f7xx_hal_crc.o
                0x0000000008000b98                HAL_CRC_Init
 .text.HAL_CRCEx_Polynomial_Set
                0x0000000008000c60      0x10c Drivers/STM32F7xx_HAL_Driver/Src/stm32f7xx_hal_crc_ex.o
                0x0000000008000c60                HAL_CRCEx_Polynomial_Set
 .text.HAL_DMA2D_Init
                0x0000000008000d6c       0x94 Drivers/STM32F7xx_HAL_Driver/Src/stm32f7xx_hal_dma2d.o
                0x0000000008000d6c                HAL_DMA2D_Init
 .text.HAL_DMA2D_ConfigLayer
                0x0000000008000e00      0x124 Drivers/STM32F7xx_HAL_Driver/Src/stm32f7xx_hal_dma2d.o
                0x0000000008000e00                HAL_DMA2D_ConfigLayer
 .text.HAL_GPIO_Init
                0x0000000008000f24      0x358 Drivers/STM32F7xx_HAL_Driver/Src/stm32f7xx_hal_gpio.o
                0x0000000008000f24                HAL_GPIO_Init
 .text.HAL_GPIO_WritePin
                0x000000000800127c       0x32 Drivers/STM32F7xx_HAL_Driver/Src/stm32f7xx_hal_gpio.o
                0x000000000800127c                HAL_GPIO_WritePin
 .text.HAL_GPIO_TogglePin
                0x00000000080012ae       0x34 Drivers/STM32F7xx_HAL_Driver/Src/stm32f7xx_hal_gpio.o
                0x00000000080012ae                HAL_GPIO_TogglePin
 *fill*         0x00000000080012e2        0x2 
 .text.HAL_PWREx_EnableOverDrive
                0x00000000080012e4       0xa0 Drivers/STM32F7xx_HAL_Driver/Src/stm32f7xx_hal_pwr_ex.o
                0x00000000080012e4                HAL_PWREx_EnableOverDrive
 .text.HAL_RCC_OscConfig
                0x0000000008001384      0x548 Drivers/STM32F7xx_HAL_Driver/Src/stm32f7xx_hal_rcc.o
                0x0000000008001384                HAL_RCC_OscConfig
 .text.HAL_RCC_ClockConfig
                0x00000000080018cc      0x1d8 Drivers/STM32F7xx_HAL_Driver/Src/stm32f7xx_hal_rcc.o
                0x00000000080018cc                HAL_RCC_ClockConfig
 .text.HAL_RCC_GetSysClockFreq
                0x0000000008001aa4      0x1c4 Drivers/STM32F7xx_HAL_Driver/Src/stm32f7xx_hal_rcc.o
                0x0000000008001aa4                HAL_RCC_GetSysClockFreq
 .text.__libc_init_array
                0x0000000008001c68       0x48 c:/st/stm32cubeide_1.6.0/stm32cubeide/plugins/com.st.stm32cube.ide.mcu.externaltools.gnu-tools-for-stm32.9-2020-q2-update.win32_1.5.0.202011040924/tools/bin/../lib/gcc/arm-none-eabi/9.3.1/../../../../arm-none-eabi/lib/thumb/v7e-m+fp/hard\libc_nano.a(lib_a-init.o)
                0x0000000008001c68                __libc_init_array
 .text.memset   0x0000000008001cb0       0x10 c:/st/stm32cubeide_1.6.0/stm32cubeide/plugins/com.st.stm32cube.ide.mcu.externaltools.gnu-tools-for-stm32.9-2020-q2-update.win32_1.5.0.202011040924/tools/bin/../lib/gcc/arm-none-eabi/9.3.1/../../../../arm-none-eabi/lib/thumb/v7e-m+fp/hard\libc_nano.a(lib_a-memset.o)
                0x0000000008001cb0                memset
 *(.glue_7)
 .glue_7        0x0000000008001cc0        0x0 linker stubs
 *(.glue_7t)
 .glue_7t       0x0000000008001cc0        0x0 linker stubs
 *(.eh_frame)
 .eh_frame      0x0000000008001cc0        0x0 c:/st/stm32cubeide_1.6.0/stm32cubeide/plugins/com.st.stm32cube.ide.mcu.externaltools.gnu-tools-for-stm32.9-2020-q2-update.win32_1.5.0.202011040924/tools/bin/../lib/gcc/arm-none-eabi/9.3.1/thumb/v7e-m+fp/hard/crtbegin.o
 *(.init)
 .init          0x0000000008001cc0        0x4 c:/st/stm32cubeide_1.6.0/stm32cubeide/plugins/com.st.stm32cube.ide.mcu.externaltools.gnu-tools-for-stm32.9-2020-q2-update.win32_1.5.0.202011040924/tools/bin/../lib/gcc/arm-none-eabi/9.3.1/thumb/v7e-m+fp/hard/crti.o
                0x0000000008001cc0                _init
 .init          0x0000000008001cc4        0x8 c:/st/stm32cubeide_1.6.0/stm32cubeide/plugins/com.st.stm32cube.ide.mcu.externaltools.gnu-tools-for-stm32.9-2020-q2-update.win32_1.5.0.202011040924/tools/bin/../lib/gcc/arm-none-eabi/9.3.1/thumb/v7e-m+fp/hard/crtn.o
 *(.fini)
 .fini          0x0000000008001ccc        0x4 c:/st/stm32cubeide_1.6.0/stm32cubeide/plugins/com.st.stm32cube.ide.mcu.externaltools.gnu-tools-for-stm32.9-2020-q2-update.win32_1.5.0.202011040924/tools/bin/../lib/gcc/arm-none-eabi/9.3.1/thumb/v7e-m+fp/hard/crti.o
                0x0000000008001ccc                _fini
 .fini          0x0000000008001cd0        0x8 c:/st/stm32cubeide_1.6.0/stm32cubeide/plugins/com.st.stm32cube.ide.mcu.externaltools.gnu-tools-for-stm32.9-2020-q2-update.win32_1.5.0.202011040924/tools/bin/../lib/gcc/arm-none-eabi/9.3.1/thumb/v7e-m+fp/hard/crtn.o
                0x0000000008001cd8                . = ALIGN (0x4)
                0x0000000008001cd8                _etext = .

.vfp11_veneer   0x0000000008001cd8        0x0
 .vfp11_veneer  0x0000000008001cd8        0x0 linker stubs

.v4_bx          0x0000000008001cd8        0x0
 .v4_bx         0x0000000008001cd8        0x0 linker stubs

.iplt           0x0000000008001cd8        0x0
 .iplt          0x0000000008001cd8        0x0 c:/st/stm32cubeide_1.6.0/stm32cubeide/plugins/com.st.stm32cube.ide.mcu.externaltools.gnu-tools-for-stm32.9-2020-q2-update.win32_1.5.0.202011040924/tools/bin/../lib/gcc/arm-none-eabi/9.3.1/thumb/v7e-m+fp/hard/crtbegin.o

.rodata         0x0000000008001cd8       0x10
                0x0000000008001cd8                . = ALIGN (0x4)
 *(.rodata)
 *(.rodata*)
 .rodata.AHBPrescTable
                0x0000000008001cd8       0x10 Core/Src/system_stm32f7xx.o
                0x0000000008001cd8                AHBPrescTable
                0x0000000008001ce8                . = ALIGN (0x4)

.ARM.extab      0x0000000008001ce8        0x0
                0x0000000008001ce8                . = ALIGN (0x4)
 *(.ARM.extab* .gnu.linkonce.armextab.*)
                0x0000000008001ce8                . = ALIGN (0x4)

.ARM            0x0000000008001ce8        0x8
                0x0000000008001ce8                . = ALIGN (0x4)
                0x0000000008001ce8                __exidx_start = .
 *(.ARM.exidx*)
 .ARM.exidx     0x0000000008001ce8        0x8 c:/st/stm32cubeide_1.6.0/stm32cubeide/plugins/com.st.stm32cube.ide.mcu.externaltools.gnu-tools-for-stm32.9-2020-q2-update.win32_1.5.0.202011040924/tools/bin/../lib/gcc/arm-none-eabi/9.3.1/thumb/v7e-m+fp/hard\libgcc.a(_udivmoddi4.o)
                0x0000000008001cf0                __exidx_end = .
                0x0000000008001cf0                . = ALIGN (0x4)

.rel.dyn        0x0000000008001cf0        0x0
 .rel.iplt      0x0000000008001cf0        0x0 c:/st/stm32cubeide_1.6.0/stm32cubeide/plugins/com.st.stm32cube.ide.mcu.externaltools.gnu-tools-for-stm32.9-2020-q2-update.win32_1.5.0.202011040924/tools/bin/../lib/gcc/arm-none-eabi/9.3.1/thumb/v7e-m+fp/hard/crtbegin.o

.preinit_array  0x0000000008001cf0        0x0
                0x0000000008001cf0                . = ALIGN (0x4)
                0x0000000008001cf0                PROVIDE (__preinit_array_start = .)
 *(.preinit_array*)
                0x0000000008001cf0                PROVIDE (__preinit_array_end = .)
                0x0000000008001cf0                . = ALIGN (0x4)

.init_array     0x0000000008001cf0        0x4
                0x0000000008001cf0                . = ALIGN (0x4)
                0x0000000008001cf0                PROVIDE (__init_array_start = .)
 *(SORT_BY_NAME(.init_array.*))
 *(.init_array*)
 .init_array    0x0000000008001cf0        0x4 c:/st/stm32cubeide_1.6.0/stm32cubeide/plugins/com.st.stm32cube.ide.mcu.externaltools.gnu-tools-for-stm32.9-2020-q2-update.win32_1.5.0.202011040924/tools/bin/../lib/gcc/arm-none-eabi/9.3.1/thumb/v7e-m+fp/hard/crtbegin.o
                0x0000000008001cf4                PROVIDE (__init_array_end = .)
                0x0000000008001cf4                . = ALIGN (0x4)

.fini_array     0x0000000008001cf4        0x4
                0x0000000008001cf4                . = ALIGN (0x4)
                [!provide]                        PROVIDE (__fini_array_start = .)
 *(SORT_BY_NAME(.fini_array.*))
 *(.fini_array*)
 .fini_array    0x0000000008001cf4        0x4 c:/st/stm32cubeide_1.6.0/stm32cubeide/plugins/com.st.stm32cube.ide.mcu.externaltools.gnu-tools-for-stm32.9-2020-q2-update.win32_1.5.0.202011040924/tools/bin/../lib/gcc/arm-none-eabi/9.3.1/thumb/v7e-m+fp/hard/crtbegin.o
                [!provide]                        PROVIDE (__fini_array_end = .)
                0x0000000008001cf8                . = ALIGN (0x4)
                0x0000000008001cf8                _sidata = LOADADDR (.data)

.data           0x0000000020000000        0xc load address 0x0000000008001cf8
                0x0000000020000000                . = ALIGN (0x4)
                0x0000000020000000                _sdata = .
 *(.data)
 *(.data*)
 .data.SystemCoreClock
                0x0000000020000000        0x4 Core/Src/system_stm32f7xx.o
                0x0000000020000000                SystemCoreClock
 .data.uwTickPrio
                0x0000000020000004        0x4 Drivers/STM32F7xx_HAL_Driver/Src/stm32f7xx_hal.o
                0x0000000020000004                uwTickPrio
 .data.uwTickFreq
                0x0000000020000008        0x1 Drivers/STM32F7xx_HAL_Driver/Src/stm32f7xx_hal.o
                0x0000000020000008                uwTickFreq
 *(.RamFunc)
 *(.RamFunc*)
                0x000000002000000c                . = ALIGN (0x4)
 *fill*         0x0000000020000009        0x3 
                0x000000002000000c                _edata = .

.igot.plt       0x000000002000000c        0x0 load address 0x0000000008001d04
 .igot.plt      0x000000002000000c        0x0 c:/st/stm32cubeide_1.6.0/stm32cubeide/plugins/com.st.stm32cube.ide.mcu.externaltools.gnu-tools-for-stm32.9-2020-q2-update.win32_1.5.0.202011040924/tools/bin/../lib/gcc/arm-none-eabi/9.3.1/thumb/v7e-m+fp/hard/crtbegin.o
                0x000000002000000c                . = ALIGN (0x4)

.bss            0x000000002000000c       0x84 load address 0x0000000008001d04
                0x000000002000000c                _sbss = .
                0x000000002000000c                __bss_start__ = _sbss
 *(.bss)
 .bss           0x000000002000000c       0x1c c:/st/stm32cubeide_1.6.0/stm32cubeide/plugins/com.st.stm32cube.ide.mcu.externaltools.gnu-tools-for-stm32.9-2020-q2-update.win32_1.5.0.202011040924/tools/bin/../lib/gcc/arm-none-eabi/9.3.1/thumb/v7e-m+fp/hard/crtbegin.o
 *(.bss*)
 *(COMMON)
 COMMON         0x0000000020000028       0x64 Core/Src/main.o
                0x0000000020000028                hcrc
                0x000000002000004c                hdma2d
 COMMON         0x000000002000008c        0x4 Drivers/STM32F7xx_HAL_Driver/Src/stm32f7xx_hal.o
                0x000000002000008c                uwTick
                0x0000000020000090                . = ALIGN (0x4)
                0x0000000020000090                _ebss = .
                0x0000000020000090                __bss_end__ = _ebss

._user_heap_stack
                0x0000000020000090      0x600 load address 0x0000000008001d04
                0x0000000020000090                . = ALIGN (0x8)
                [!provide]                        PROVIDE (end = .)
                0x0000000020000090                PROVIDE (_end = .)
                0x0000000020000290                . = (. + _Min_Heap_Size)
 *fill*         0x0000000020000090      0x200 
                0x0000000020000690                . = (. + _Min_Stack_Size)
 *fill*         0x0000000020000290      0x400 
                0x0000000020000690                . = ALIGN (0x8)

/DISCARD/
 libc.a(*)
 libm.a(*)
 libgcc.a(*)

.ARM.attributes
                0x0000000000000000       0x30
 *(.ARM.attributes)
 .ARM.attributes
                0x0000000000000000       0x1e c:/st/stm32cubeide_1.6.0/stm32cubeide/plugins/com.st.stm32cube.ide.mcu.externaltools.gnu-tools-for-stm32.9-2020-q2-update.win32_1.5.0.202011040924/tools/bin/../lib/gcc/arm-none-eabi/9.3.1/thumb/v7e-m+fp/hard/crti.o
 .ARM.attributes
                0x000000000000001e       0x34 c:/st/stm32cubeide_1.6.0/stm32cubeide/plugins/com.st.stm32cube.ide.mcu.externaltools.gnu-tools-for-stm32.9-2020-q2-update.win32_1.5.0.202011040924/tools/bin/../lib/gcc/arm-none-eabi/9.3.1/thumb/v7e-m+fp/hard/crtbegin.o
 .ARM.attributes
                0x0000000000000052       0x34 Core/Src/main.o
 .ARM.attributes
                0x0000000000000086       0x34 Core/Src/stm32f7xx_hal_msp.o
 .ARM.attributes
                0x00000000000000ba       0x34 Core/Src/stm32f7xx_it.o
 .ARM.attributes
                0x00000000000000ee       0x34 Core/Src/system_stm32f7xx.o
 .ARM.attributes
                0x0000000000000122       0x21 Core/Startup/startup_stm32f746bgtx.o
 .ARM.attributes
                0x0000000000000143       0x34 Drivers/STM32F7xx_HAL_Driver/Src/stm32f7xx_hal.o
 .ARM.attributes
                0x0000000000000177       0x34 Drivers/STM32F7xx_HAL_Driver/Src/stm32f7xx_hal_cortex.o
 .ARM.attributes
                0x00000000000001ab       0x34 Drivers/STM32F7xx_HAL_Driver/Src/stm32f7xx_hal_crc.o
 .ARM.attributes
                0x00000000000001df       0x34 Drivers/STM32F7xx_HAL_Driver/Src/stm32f7xx_hal_crc_ex.o
 .ARM.attributes
                0x0000000000000213       0x34 Drivers/STM32F7xx_HAL_Driver/Src/stm32f7xx_hal_dma2d.o
 .ARM.attributes
                0x0000000000000247       0x34 Drivers/STM32F7xx_HAL_Driver/Src/stm32f7xx_hal_gpio.o
 .ARM.attributes
                0x000000000000027b       0x34 Drivers/STM32F7xx_HAL_Driver/Src/stm32f7xx_hal_pwr_ex.o
 .ARM.attributes
                0x00000000000002af       0x34 Drivers/STM32F7xx_HAL_Driver/Src/stm32f7xx_hal_rcc.o
 .ARM.attributes
                0x00000000000002e3       0x34 c:/st/stm32cubeide_1.6.0/stm32cubeide/plugins/com.st.stm32cube.ide.mcu.externaltools.gnu-tools-for-stm32.9-2020-q2-update.win32_1.5.0.202011040924/tools/bin/../lib/gcc/arm-none-eabi/9.3.1/../../../../arm-none-eabi/lib/thumb/v7e-m+fp/hard\libc_nano.a(lib_a-init.o)
 .ARM.attributes
                0x0000000000000317       0x34 c:/st/stm32cubeide_1.6.0/stm32cubeide/plugins/com.st.stm32cube.ide.mcu.externaltools.gnu-tools-for-stm32.9-2020-q2-update.win32_1.5.0.202011040924/tools/bin/../lib/gcc/arm-none-eabi/9.3.1/../../../../arm-none-eabi/lib/thumb/v7e-m+fp/hard\libc_nano.a(lib_a-memset.o)
 .ARM.attributes
                0x000000000000034b       0x1e c:/st/stm32cubeide_1.6.0/stm32cubeide/plugins/com.st.stm32cube.ide.mcu.externaltools.gnu-tools-for-stm32.9-2020-q2-update.win32_1.5.0.202011040924/tools/bin/../lib/gcc/arm-none-eabi/9.3.1/thumb/v7e-m+fp/hard\libgcc.a(_aeabi_uldivmod.o)
 .ARM.attributes
                0x0000000000000369       0x34 c:/st/stm32cubeide_1.6.0/stm32cubeide/plugins/com.st.stm32cube.ide.mcu.externaltools.gnu-tools-for-stm32.9-2020-q2-update.win32_1.5.0.202011040924/tools/bin/../lib/gcc/arm-none-eabi/9.3.1/thumb/v7e-m+fp/hard\libgcc.a(_udivmoddi4.o)
 .ARM.attributes
                0x000000000000039d       0x1e c:/st/stm32cubeide_1.6.0/stm32cubeide/plugins/com.st.stm32cube.ide.mcu.externaltools.gnu-tools-for-stm32.9-2020-q2-update.win32_1.5.0.202011040924/tools/bin/../lib/gcc/arm-none-eabi/9.3.1/thumb/v7e-m+fp/hard\libgcc.a(_dvmd_tls.o)
 .ARM.attributes
                0x00000000000003bb       0x1e c:/st/stm32cubeide_1.6.0/stm32cubeide/plugins/com.st.stm32cube.ide.mcu.externaltools.gnu-tools-for-stm32.9-2020-q2-update.win32_1.5.0.202011040924/tools/bin/../lib/gcc/arm-none-eabi/9.3.1/thumb/v7e-m+fp/hard/crtn.o
OUTPUT(STM32F746_CubeIDE.elf elf32-littlearm)
LOAD linker stubs
LOAD c:/st/stm32cubeide_1.6.0/stm32cubeide/plugins/com.st.stm32cube.ide.mcu.externaltools.gnu-tools-for-stm32.9-2020-q2-update.win32_1.5.0.202011040924/tools/bin/../lib/gcc/arm-none-eabi/9.3.1/../../../../arm-none-eabi/lib/thumb/v7e-m+fp/hard\libc.a
LOAD c:/st/stm32cubeide_1.6.0/stm32cubeide/plugins/com.st.stm32cube.ide.mcu.externaltools.gnu-tools-for-stm32.9-2020-q2-update.win32_1.5.0.202011040924/tools/bin/../lib/gcc/arm-none-eabi/9.3.1/../../../../arm-none-eabi/lib/thumb/v7e-m+fp/hard\libm.a
LOAD c:/st/stm32cubeide_1.6.0/stm32cubeide/plugins/com.st.stm32cube.ide.mcu.externaltools.gnu-tools-for-stm32.9-2020-q2-update.win32_1.5.0.202011040924/tools/bin/../lib/gcc/arm-none-eabi/9.3.1/thumb/v7e-m+fp/hard\libgcc.a

.debug_info     0x0000000000000000     0x7232
 .debug_info    0x0000000000000000      0xc60 Core/Src/main.o
 .debug_info    0x0000000000000c60      0x965 Core/Src/stm32f7xx_hal_msp.o
 .debug_info    0x00000000000015c5      0x222 Core/Src/stm32f7xx_it.o
 .debug_info    0x00000000000017e7      0x7ad Core/Src/system_stm32f7xx.o
 .debug_info    0x0000000000001f94       0x22 Core/Startup/startup_stm32f746bgtx.o
 .debug_info    0x0000000000001fb6      0xa42 Drivers/STM32F7xx_HAL_Driver/Src/stm32f7xx_hal.o
 .debug_info    0x00000000000029f8     0x1116 Drivers/STM32F7xx_HAL_Driver/Src/stm32f7xx_hal_cortex.o
 .debug_info    0x0000000000003b0e      0x630 Drivers/STM32F7xx_HAL_Driver/Src/stm32f7xx_hal_crc.o
 .debug_info    0x000000000000413e      0x463 Drivers/STM32F7xx_HAL_Driver/Src/stm32f7xx_hal_crc_ex.o
 .debug_info    0x00000000000045a1     0x1067 Drivers/STM32F7xx_HAL_Driver/Src/stm32f7xx_hal_dma2d.o
 .debug_info    0x0000000000005608      0x868 Drivers/STM32F7xx_HAL_Driver/Src/stm32f7xx_hal_gpio.o
 .debug_info    0x0000000000005e70      0x9f6 Drivers/STM32F7xx_HAL_Driver/Src/stm32f7xx_hal_pwr_ex.o
 .debug_info    0x0000000000006866      0x9cc Drivers/STM32F7xx_HAL_Driver/Src/stm32f7xx_hal_rcc.o

.debug_abbrev   0x0000000000000000     0x172f
 .debug_abbrev  0x0000000000000000      0x239 Core/Src/main.o
 .debug_abbrev  0x0000000000000239      0x1b4 Core/Src/stm32f7xx_hal_msp.o
 .debug_abbrev  0x00000000000003ed       0xd2 Core/Src/stm32f7xx_it.o
 .debug_abbrev  0x00000000000004bf      0x165 Core/Src/system_stm32f7xx.o
 .debug_abbrev  0x0000000000000624       0x12 Core/Startup/startup_stm32f746bgtx.o
 .debug_abbrev  0x0000000000000636      0x1ed Drivers/STM32F7xx_HAL_Driver/Src/stm32f7xx_hal.o
 .debug_abbrev  0x0000000000000823      0x33c Drivers/STM32F7xx_HAL_Driver/Src/stm32f7xx_hal_cortex.o
 .debug_abbrev  0x0000000000000b5f      0x1f9 Drivers/STM32F7xx_HAL_Driver/Src/stm32f7xx_hal_crc.o
 .debug_abbrev  0x0000000000000d58      0x185 Drivers/STM32F7xx_HAL_Driver/Src/stm32f7xx_hal_crc_ex.o
 .debug_abbrev  0x0000000000000edd      0x23f Drivers/STM32F7xx_HAL_Driver/Src/stm32f7xx_hal_dma2d.o
 .debug_abbrev  0x000000000000111c      0x1f1 Drivers/STM32F7xx_HAL_Driver/Src/stm32f7xx_hal_gpio.o
 .debug_abbrev  0x000000000000130d      0x1dc Drivers/STM32F7xx_HAL_Driver/Src/stm32f7xx_hal_pwr_ex.o
 .debug_abbrev  0x00000000000014e9      0x246 Drivers/STM32F7xx_HAL_Driver/Src/stm32f7xx_hal_rcc.o

.debug_aranges  0x0000000000000000      0x658
 .debug_aranges
                0x0000000000000000       0x48 Core/Src/main.o
 .debug_aranges
                0x0000000000000048       0x40 Core/Src/stm32f7xx_hal_msp.o
 .debug_aranges
                0x0000000000000088       0x60 Core/Src/stm32f7xx_it.o
 .debug_aranges
                0x00000000000000e8       0x28 Core/Src/system_stm32f7xx.o
 .debug_aranges
                0x0000000000000110       0x28 Core/Startup/startup_stm32f746bgtx.o
 .debug_aranges
                0x0000000000000138      0x100 Drivers/STM32F7xx_HAL_Driver/Src/stm32f7xx_hal.o
 .debug_aranges
                0x0000000000000238      0x118 Drivers/STM32F7xx_HAL_Driver/Src/stm32f7xx_hal_cortex.o
 .debug_aranges
                0x0000000000000350       0x60 Drivers/STM32F7xx_HAL_Driver/Src/stm32f7xx_hal_crc.o
 .debug_aranges
                0x00000000000003b0       0x30 Drivers/STM32F7xx_HAL_Driver/Src/stm32f7xx_hal_crc_ex.o
 .debug_aranges
                0x00000000000003e0      0x118 Drivers/STM32F7xx_HAL_Driver/Src/stm32f7xx_hal_dma2d.o
 .debug_aranges
                0x00000000000004f8       0x58 Drivers/STM32F7xx_HAL_Driver/Src/stm32f7xx_hal_gpio.o
 .debug_aranges
                0x0000000000000550       0x80 Drivers/STM32F7xx_HAL_Driver/Src/stm32f7xx_hal_pwr_ex.o
 .debug_aranges
                0x00000000000005d0       0x88 Drivers/STM32F7xx_HAL_Driver/Src/stm32f7xx_hal_rcc.o

.debug_ranges   0x0000000000000000      0x590
 .debug_ranges  0x0000000000000000       0x38 Core/Src/main.o
 .debug_ranges  0x0000000000000038       0x30 Core/Src/stm32f7xx_hal_msp.o
 .debug_ranges  0x0000000000000068       0x50 Core/Src/stm32f7xx_it.o
 .debug_ranges  0x00000000000000b8       0x18 Core/Src/system_stm32f7xx.o
 .debug_ranges  0x00000000000000d0       0x20 Core/Startup/startup_stm32f746bgtx.o
 .debug_ranges  0x00000000000000f0       0xf0 Drivers/STM32F7xx_HAL_Driver/Src/stm32f7xx_hal.o
 .debug_ranges  0x00000000000001e0      0x108 Drivers/STM32F7xx_HAL_Driver/Src/stm32f7xx_hal_cortex.o
 .debug_ranges  0x00000000000002e8       0x50 Drivers/STM32F7xx_HAL_Driver/Src/stm32f7xx_hal_crc.o
 .debug_ranges  0x0000000000000338       0x20 Drivers/STM32F7xx_HAL_Driver/Src/stm32f7xx_hal_crc_ex.o
 .debug_ranges  0x0000000000000358      0x108 Drivers/STM32F7xx_HAL_Driver/Src/stm32f7xx_hal_dma2d.o
 .debug_ranges  0x0000000000000460       0x48 Drivers/STM32F7xx_HAL_Driver/Src/stm32f7xx_hal_gpio.o
 .debug_ranges  0x00000000000004a8       0x70 Drivers/STM32F7xx_HAL_Driver/Src/stm32f7xx_hal_pwr_ex.o
 .debug_ranges  0x0000000000000518       0x78 Drivers/STM32F7xx_HAL_Driver/Src/stm32f7xx_hal_rcc.o

.debug_macro    0x0000000000000000    0x24001
 .debug_macro   0x0000000000000000      0x1e8 Core/Src/main.o
 .debug_macro   0x00000000000001e8      0xaa8 Core/Src/main.o
 .debug_macro   0x0000000000000c90      0x293 Core/Src/main.o
 .debug_macro   0x0000000000000f23       0x2e Core/Src/main.o
 .debug_macro   0x0000000000000f51       0x3b Core/Src/main.o
 .debug_macro   0x0000000000000f8c       0x22 Core/Src/main.o
 .debug_macro   0x0000000000000fae       0x8e Core/Src/main.o
 .debug_macro   0x000000000000103c       0x51 Core/Src/main.o
 .debug_macro   0x000000000000108d      0x103 Core/Src/main.o
 .debug_macro   0x0000000000001190       0x6a Core/Src/main.o
 .debug_macro   0x00000000000011fa      0x1df Core/Src/main.o
 .debug_macro   0x00000000000013d9       0x1c Core/Src/main.o
 .debug_macro   0x00000000000013f5       0x22 Core/Src/main.o
 .debug_macro   0x0000000000001417       0xdf Core/Src/main.o
 .debug_macro   0x00000000000014f6     0x12cd Core/Src/main.o
 .debug_macro   0x00000000000027c3      0x11f Core/Src/main.o
 .debug_macro   0x00000000000028e2       0x19 Core/Src/main.o
 .debug_macro   0x00000000000028fb    0x191cb Core/Src/main.o
 .debug_macro   0x000000000001bac6       0x43 Core/Src/main.o
 .debug_macro   0x000000000001bb09     0x36c9 Core/Src/main.o
 .debug_macro   0x000000000001f1d2      0x174 Core/Src/main.o
 .debug_macro   0x000000000001f346       0x63 Core/Src/main.o
 .debug_macro   0x000000000001f3a9     0x18ad Core/Src/main.o
 .debug_macro   0x0000000000020c56      0x6c4 Core/Src/main.o
 .debug_macro   0x000000000002131a      0x185 Core/Src/main.o
 .debug_macro   0x000000000002149f      0x117 Core/Src/main.o
 .debug_macro   0x00000000000215b6      0x1fe Core/Src/main.o
 .debug_macro   0x00000000000217b4       0x27 Core/Src/main.o
 .debug_macro   0x00000000000217db      0x24f Core/Src/main.o
 .debug_macro   0x0000000000021a2a       0x41 Core/Src/main.o
 .debug_macro   0x0000000000021a6b       0x58 Core/Src/main.o
 .debug_macro   0x0000000000021ac3      0x236 Core/Src/main.o
 .debug_macro   0x0000000000021cf9       0xd5 Core/Src/main.o
 .debug_macro   0x0000000000021dce       0x4c Core/Src/main.o
 .debug_macro   0x0000000000021e1a      0x20f Core/Src/main.o
 .debug_macro   0x0000000000022029      0x14f Core/Src/main.o
 .debug_macro   0x0000000000022178      0x25b Core/Src/main.o
 .debug_macro   0x00000000000223d3       0x12 Core/Src/main.o
 .debug_macro   0x00000000000223e5      0x22c Core/Src/main.o
 .debug_macro   0x0000000000022611       0x61 Core/Src/main.o
 .debug_macro   0x0000000000022672       0xa5 Core/Src/main.o
 .debug_macro   0x0000000000022717      0x12f Core/Src/main.o
 .debug_macro   0x0000000000022846      0x108 Core/Src/main.o
 .debug_macro   0x000000000002294e       0x35 Core/Src/main.o
 .debug_macro   0x0000000000022983      0x14e Core/Src/main.o
 .debug_macro   0x0000000000022ad1       0x10 Core/Src/main.o
 .debug_macro   0x0000000000022ae1      0x1e8 Core/Src/stm32f7xx_hal_msp.o
 .debug_macro   0x0000000000022cc9      0x1f2 Core/Src/stm32f7xx_it.o
 .debug_macro   0x0000000000022ebb      0x1d9 Core/Src/system_stm32f7xx.o
 .debug_macro   0x0000000000023094      0x1fd Drivers/STM32F7xx_HAL_Driver/Src/stm32f7xx_hal.o
 .debug_macro   0x0000000000023291      0x1d9 Drivers/STM32F7xx_HAL_Driver/Src/stm32f7xx_hal_cortex.o
 .debug_macro   0x000000000002346a      0x1d9 Drivers/STM32F7xx_HAL_Driver/Src/stm32f7xx_hal_crc.o
 .debug_macro   0x0000000000023643      0x1d9 Drivers/STM32F7xx_HAL_Driver/Src/stm32f7xx_hal_crc_ex.o
 .debug_macro   0x000000000002381c      0x1e8 Drivers/STM32F7xx_HAL_Driver/Src/stm32f7xx_hal_dma2d.o
 .debug_macro   0x0000000000023a04      0x20f Drivers/STM32F7xx_HAL_Driver/Src/stm32f7xx_hal_gpio.o
 .debug_macro   0x0000000000023c13      0x1f1 Drivers/STM32F7xx_HAL_Driver/Src/stm32f7xx_hal_pwr_ex.o
 .debug_macro   0x0000000000023e04      0x1fd Drivers/STM32F7xx_HAL_Driver/Src/stm32f7xx_hal_rcc.o

.debug_line     0x0000000000000000     0x7b1a
 .debug_line    0x0000000000000000      0x7fb Core/Src/main.o
 .debug_line    0x00000000000007fb      0x748 Core/Src/stm32f7xx_hal_msp.o
 .debug_line    0x0000000000000f43      0x79a Core/Src/stm32f7xx_it.o
 .debug_line    0x00000000000016dd      0x757 Core/Src/system_stm32f7xx.o
 .debug_line    0x0000000000001e34       0x88 Core/Startup/startup_stm32f746bgtx.o
 .debug_line    0x0000000000001ebc      0x9e8 Drivers/STM32F7xx_HAL_Driver/Src/stm32f7xx_hal.o
 .debug_line    0x00000000000028a4      0xc6e Drivers/STM32F7xx_HAL_Driver/Src/stm32f7xx_hal_cortex.o
 .debug_line    0x0000000000003512      0xa18 Drivers/STM32F7xx_HAL_Driver/Src/stm32f7xx_hal_crc.o
 .debug_line    0x0000000000003f2a      0x78a Drivers/STM32F7xx_HAL_Driver/Src/stm32f7xx_hal_crc_ex.o
 .debug_line    0x00000000000046b4     0x1174 Drivers/STM32F7xx_HAL_Driver/Src/stm32f7xx_hal_dma2d.o
 .debug_line    0x0000000000005828      0xb6a Drivers/STM32F7xx_HAL_Driver/Src/stm32f7xx_hal_gpio.o
 .debug_line    0x0000000000006392      0x95d Drivers/STM32F7xx_HAL_Driver/Src/stm32f7xx_hal_pwr_ex.o
 .debug_line    0x0000000000006cef      0xe2b Drivers/STM32F7xx_HAL_Driver/Src/stm32f7xx_hal_rcc.o

.debug_str      0x0000000000000000    0xde1d8
 .debug_str     0x0000000000000000    0xdc69b Core/Src/main.o
                                      0xdcdae (size before relaxing)
 .debug_str     0x00000000000dc69b       0x74 Core/Src/stm32f7xx_hal_msp.o
                                      0xdcbe6 (size before relaxing)
 .debug_str     0x00000000000dc70f       0xbd Core/Src/stm32f7xx_it.o
                                      0xdc77a (size before relaxing)
 .debug_str     0x00000000000dc7cc      0x178 Core/Src/system_stm32f7xx.o
                                      0xdc907 (size before relaxing)
 .debug_str     0x00000000000dc944       0x36 Core/Startup/startup_stm32f746bgtx.o
                                         0x6d (size before relaxing)
 .debug_str     0x00000000000dc97a      0x91a Drivers/STM32F7xx_HAL_Driver/Src/stm32f7xx_hal.o
                                      0xdd1ce (size before relaxing)
 .debug_str     0x00000000000dd294      0x3a0 Drivers/STM32F7xx_HAL_Driver/Src/stm32f7xx_hal_cortex.o
                                      0xdd275 (size before relaxing)
 .debug_str     0x00000000000dd634       0xc5 Drivers/STM32F7xx_HAL_Driver/Src/stm32f7xx_hal_crc.o
                                      0xdc955 (size before relaxing)
 .debug_str     0x00000000000dd6f9       0x82 Drivers/STM32F7xx_HAL_Driver/Src/stm32f7xx_hal_crc_ex.o
                                      0xdc928 (size before relaxing)
 .debug_str     0x00000000000dd77b      0x3d0 Drivers/STM32F7xx_HAL_Driver/Src/stm32f7xx_hal_dma2d.o
                                      0xdce3a (size before relaxing)
 .debug_str     0x00000000000ddb4b      0x244 Drivers/STM32F7xx_HAL_Driver/Src/stm32f7xx_hal_gpio.o
                                      0xdcaf2 (size before relaxing)
 .debug_str     0x00000000000ddd8f      0x1d1 Drivers/STM32F7xx_HAL_Driver/Src/stm32f7xx_hal_pwr_ex.o
                                      0xdcb96 (size before relaxing)
 .debug_str     0x00000000000ddf60      0x278 Drivers/STM32F7xx_HAL_Driver/Src/stm32f7xx_hal_rcc.o
                                      0xdcc37 (size before relaxing)

.comment        0x0000000000000000       0x53
 .comment       0x0000000000000000       0x53 Core/Src/main.o
                                         0x54 (size before relaxing)
 .comment       0x0000000000000053       0x54 Core/Src/stm32f7xx_hal_msp.o
 .comment       0x0000000000000053       0x54 Core/Src/stm32f7xx_it.o
 .comment       0x0000000000000053       0x54 Core/Src/system_stm32f7xx.o
 .comment       0x0000000000000053       0x54 Drivers/STM32F7xx_HAL_Driver/Src/stm32f7xx_hal.o
 .comment       0x0000000000000053       0x54 Drivers/STM32F7xx_HAL_Driver/Src/stm32f7xx_hal_cortex.o
 .comment       0x0000000000000053       0x54 Drivers/STM32F7xx_HAL_Driver/Src/stm32f7xx_hal_crc.o
 .comment       0x0000000000000053       0x54 Drivers/STM32F7xx_HAL_Driver/Src/stm32f7xx_hal_crc_ex.o
 .comment       0x0000000000000053       0x54 Drivers/STM32F7xx_HAL_Driver/Src/stm32f7xx_hal_dma2d.o
 .comment       0x0000000000000053       0x54 Drivers/STM32F7xx_HAL_Driver/Src/stm32f7xx_hal_gpio.o
 .comment       0x0000000000000053       0x54 Drivers/STM32F7xx_HAL_Driver/Src/stm32f7xx_hal_pwr_ex.o
 .comment       0x0000000000000053       0x54 Drivers/STM32F7xx_HAL_Driver/Src/stm32f7xx_hal_rcc.o

.debug_frame    0x0000000000000000     0x17c8
 .debug_frame   0x0000000000000000       0xc4 Core/Src/main.o
 .debug_frame   0x00000000000000c4       0xd8 Core/Src/stm32f7xx_hal_msp.o
 .debug_frame   0x000000000000019c      0x104 Core/Src/stm32f7xx_it.o
 .debug_frame   0x00000000000002a0       0x58 Core/Src/system_stm32f7xx.o
 .debug_frame   0x00000000000002f8      0x3b4 Drivers/STM32F7xx_HAL_Driver/Src/stm32f7xx_hal.o
 .debug_frame   0x00000000000006ac      0x498 Drivers/STM32F7xx_HAL_Driver/Src/stm32f7xx_hal_cortex.o
 .debug_frame   0x0000000000000b44      0x168 Drivers/STM32F7xx_HAL_Driver/Src/stm32f7xx_hal_crc.o
 .debug_frame   0x0000000000000cac       0x88 Drivers/STM32F7xx_HAL_Driver/Src/stm32f7xx_hal_crc_ex.o
 .debug_frame   0x0000000000000d34      0x4e0 Drivers/STM32F7xx_HAL_Driver/Src/stm32f7xx_hal_dma2d.o
 .debug_frame   0x0000000000001214      0x14c Drivers/STM32F7xx_HAL_Driver/Src/stm32f7xx_hal_gpio.o
 .debug_frame   0x0000000000001360      0x1c8 Drivers/STM32F7xx_HAL_Driver/Src/stm32f7xx_hal_pwr_ex.o
 .debug_frame   0x0000000000001528      0x1f4 Drivers/STM32F7xx_HAL_Driver/Src/stm32f7xx_hal_rcc.o
 .debug_frame   0x000000000000171c       0x2c c:/st/stm32cubeide_1.6.0/stm32cubeide/plugins/com.st.stm32cube.ide.mcu.externaltools.gnu-tools-for-stm32.9-2020-q2-update.win32_1.5.0.202011040924/tools/bin/../lib/gcc/arm-none-eabi/9.3.1/../../../../arm-none-eabi/lib/thumb/v7e-m+fp/hard\libc_nano.a(lib_a-init.o)
 .debug_frame   0x0000000000001748       0x20 c:/st/stm32cubeide_1.6.0/stm32cubeide/plugins/com.st.stm32cube.ide.mcu.externaltools.gnu-tools-for-stm32.9-2020-q2-update.win32_1.5.0.202011040924/tools/bin/../lib/gcc/arm-none-eabi/9.3.1/../../../../arm-none-eabi/lib/thumb/v7e-m+fp/hard\libc_nano.a(lib_a-memset.o)
 .debug_frame   0x0000000000001768       0x2c c:/st/stm32cubeide_1.6.0/stm32cubeide/plugins/com.st.stm32cube.ide.mcu.externaltools.gnu-tools-for-stm32.9-2020-q2-update.win32_1.5.0.202011040924/tools/bin/../lib/gcc/arm-none-eabi/9.3.1/thumb/v7e-m+fp/hard\libgcc.a(_aeabi_uldivmod.o)
 .debug_frame   0x0000000000001794       0x34 c:/st/stm32cubeide_1.6.0/stm32cubeide/plugins/com.st.stm32cube.ide.mcu.externaltools.gnu-tools-for-stm32.9-2020-q2-update.win32_1.5.0.202011040924/tools/bin/../lib/gcc/arm-none-eabi/9.3.1/thumb/v7e-m+fp/hard\libgcc.a(_udivmoddi4.o)
